2026-08-03 08:00:12 INFO AuthenticationService User login successful
2026-08-03 08:01:45 INFO PaymentService Payment initiated
2026-08-03 08:02:18 WARNING PaymentService Payment gateway response delayed
2026-08-03 08:03:55 INFO InventoryService Stock verification completed
2026-08-03 08:04:21 ERROR DatabaseService Database connection timeout
2026-08-03 08:05:47 INFO AuthenticationService User logout successful
2026-08-03 08:06:15 WARNING InventoryService Product stock running low
2026-08-03 08:07:33 INFO OrderService Order created successfully
2026-08-03 08:08:54 ERROR PaymentService Payment transaction failed
2026-08-03 08:09:42 INFO NotificationService Email notification sent
2026-08-03 08:10:26 ERROR AuthenticationService Invalid authentication token
2026-08-03 08:11:50 INFO InventoryService Inventory updated
2026-08-03 08:12:30 WARNING DatabaseService High database latency
2026-08-03 08:13:40 INFO OrderService Order dispatched
2026-08-03 08:14:55 ERROR OrderService Failed to update shipment status
2026-08-03 08:15:27 INFO NotificationService SMS notification sent
2026-08-03 08:16:43 WARNING AuthenticationService Multiple failed login attempts
2026-08-03 08:17:51 INFO PaymentService Payment completed successfully
2026-08-03 08:18:33 ERROR InventoryService Inventory synchronization failed
2026-08-03 08:19:20 INFO DatabaseService Database backup completed